{
    "test": {
        "Filename": "audio-test-1.mp3",
        "Bugzilla": "",
        "Comment": "Basic MP3 example"
    },
    "metadata": {
        "@type": "nmm:MusicPiece",
        "nie:title": "Simply Juvenile",
        "nfo:genre": "Pop",
        "nie:copyright": "none",
        "nie:comment": "I am for simple MP3 testing",
        "nmm:trackNumber": "13",
        "nfo:codec": "MPEG",
        "nfo:channels": "1",
        "nfo:duration": "15",
        "nfo:sampleRate": "22050",
        "nfo:averageBitrate": "32000",
        "nmm:performer": {
            "@type": "nmm:Artist",
            "nmm:artistName": "AbBaby",
            "nfo:hasExternalReference": {
                "@type": "tracker:ExternalReference",
                "tracker:referenceSource": "MusicBrainz Artist Id",
                "tracker:referenceIdentifier": "234561"
            }
        },
        "nmm:musicAlbum": {
            "@type": "nmm:MusicAlbum",
            "nie:title": "SinCos",
            "nfo:hasExternalReference": [
                {
                    "@type": "tracker:ExternalReference",
                    "tracker:referenceSource": "MusicBrainz Release Id",
                    "tracker:referenceIdentifier": "345612"
                },
                {
                    "@type": "tracker:ExternalReference",
                    "tracker:referenceSource": "MusicBrainz Release Group Id",
                    "tracker:referenceIdentifier": "561234"
                }
            ]
        },
        "nfo:hasExternalReference": [
            {
                "@type": "tracker:ExternalReference",
                "tracker:referenceSource": "MusicBrainz Recording Id",
                "tracker:referenceIdentifier": "456123"
            },
            {
                "@type": "tracker:ExternalReference",
                "tracker:referenceSource": "MusicBrainz Track Id",
                "tracker:referenceIdentifier": "123456"
            }
        ],
        "nfo:hasHash": {
            "@type": "nfo:hasHash",
            "nfo:hashAlgorithm": "chromaprint",
            "nfo:hashValue": "111222"
        }
    }
}
