{
    "test": {
        "Filename": "Jazz_Audio_OPLs0.pya",
        "Bugzilla": "NB#225208",
        "Comment": "DRM protected audio file. Downloaded from  http://playready.directtaps.net/pr/public/"
    },
    "metadata": {
        "@type": "nmm:MusicPiece",
        "!@type": [ "nmm:Video", "nfo:Image", "nmm:Photo"]
    }
}
