{
    "test": {
        "Filename": "vorbis.ogg",
        "Bugzilla": "",
        "Comment": "Basic OGG example"
    },
    "metadata": {
        "@type": "nmm:MusicPiece",
        "nie:title": "Simply Juvenile",
        "nfo:genre": "Pop",
        "nie:copyright": "none",
        "nie:comment": "I am for simple OGG testing",
        "nmm:trackNumber": "18",
        "nfo:duration": "15",
        "nmm:performer": {
            "@type": "nmm:Artist",
            "nmm:artistName": "AbBaby",
            "tracker:hasExternalReference": {
                "@id": "https://musicbrainz.org/artist/234561",
                "@type": "tracker:ExternalReference",
                "tracker:referenceSource": "https://musicbrainz.org/doc/Artist",
                "tracker:referenceIdentifier": "234561"
            }
        },
        "nmm:musicAlbum": {
            "@type": "nmm:MusicAlbum",
            "nie:title": "SinCos",
            "tracker:hasExternalReference": [
                {
                    "@id": "https://musicbrainz.org/release/345612",
                    "@type": "tracker:ExternalReference",
                    "tracker:referenceSource": "https://musicbrainz.org/doc/Release",
                    "tracker:referenceIdentifier": "345612"
                },
                {
                    "@id": "https://musicbrainz.org/release-group/561234",
                    "@type": "tracker:ExternalReference",
                    "tracker:referenceSource": "https://musicbrainz.org/doc/Release_Group",
                    "tracker:referenceIdentifier": "561234"
                }
            ]
        },
        "tracker:hasExternalReference": [
            {
                "@id": "https://musicbrainz.org/recording/456123",
                "@type": "tracker:ExternalReference",
                "tracker:referenceSource": "https://musicbrainz.org/doc/Recording",
                "tracker:referenceIdentifier": "456123"
            },
            {
                "@id": "https://musicbrainz.org/track/123456",
                "@type": "tracker:ExternalReference",
                "tracker:referenceSource": "https://musicbrainz.org/doc/Track",
                "tracker:referenceIdentifier": "123456"
            }
        ],
        "nie:isStoredAs": [
            {
                "nfo:hasHash": {
                    "nfo:hashValue": "111222",
                    "nfo:hashAlgorithm": "chromaprint",
                    "@type": "nfo:FileHash"
                }
            }
        ]
    }
}
